>>> matrix_divided = __import__('2-matrix_divided').matrix_divided
>>> matrix_divided([[]], 2)
Traceback (most recent call last):
...
TypeError: matrix must be a matrix (list of lists) of integers/floats
>>> matrix_divided([["dde"]], 3)
Traceback (most recent call last):
...
TypeError: matrix must be a matrix (list of lists) of integers/floats
>>> matrix_divided([[45, 54], [34]], 3)
Traceback (most recent call last):
...
TypeError: Each row of the matrix must have the same size
>>> print(matrix_divided([[2, 4], [6, 8]], 2))
[[1.0, 2.0], [3.0, 4.0]]
